// Jest Snapshot v1, https://goo.gl/fbAQLP

exports[`<NoOpenTab /> basic rendering renders correctly 1`] = `
<Material UI Container>
  <Material UI Typography>
    No tab selected!
  </Material UI Typography>
</Material UI Container>
`;
